[backblue.gif]
[fade.gif]
[index.html]
[fortnitestore.xyz/assets/img/favicon.png]
[fortnitestore.xyz/1.png]
[fortnitestore.xyz/2.png]
[fortnitestore.xyz/3.png]
[fortnitestore.xyz/4.png]
[fortnitestore.xyz/5.png]
[fortnitestore.xyz/6.png]
[fortnitestore.xyz/7.png]
[fortnitestore.xyz/8.png]
[fortnitestore.xyz/9.png]
[fortnitestore.xyz/10.png]
[fortnitestore.xyz/11.png]
[fortnitestore.xyz/12.png]
[fortnitestore.xyz/promo.png]
[fortnitestore.xyz/assets/img/testimonials/profile.png]
[fortnitestore.xyz/assets/vendor/aos/aos.js]
[fortnitestore.xyz/assets/vendor/bootstrap/js/bootstrap.bundle.min.js]
[fortnitestore.xyz/assets/vendor/glightbox/js/glightbox.min.js]
[fortnitestore.xyz/assets/vendor/php-email-form/validate.js]
[fortnitestore.xyz/assets/vendor/purecounter/purecounter.js]
[fortnitestore.xyz/assets/vendor/swiper/swiper-bundle.min.js]
[fortnitestore.xyz/assets/js/main.js]
[fortnitestore.xyz/index.html]
[fortnitestore.xyz/client.crisp.chat/l.html]
[fortnitestore.xyz/assets/img/apple-touch-icon.html]
[fortnitestore.xyz/assets/vendor/aos/aos.css]
[fortnitestore.xyz/assets/vendor/bootstrap/css/bootstrap.min.css]
[fortnitestore.xyz/assets/vendor/bootstrap-icons/fonts/bootstrap-icons63f363f3.woff2]
[fortnitestore.xyz/assets/vendor/bootstrap-icons/fonts/bootstrap-icons63f363f3.woff]
[fortnitestore.xyz/assets/vendor/bootstrap-icons/bootstrap-icons.css]
[fortnitestore.xyz/assets/vendor/glightbox/css/glightbox.min.css]
[fortnitestore.xyz/assets/vendor/swiper/swiper-bundle.min.css]
[fortnitestore.xyz/assets/img/hero-bg.jpg]
[fortnitestore.xyz/assets/img/testimonials-bg.jpg]
[fortnitestore.xyz/assets/css/style.css]
[fortnitestore.xyz/index-2.html]
[fortnitestore.xyz/feedback.html]
[fortnitestore.xyz/refund.html]
[fortnitestore.xyz/tos.html]
[fortnitestore.xyz/assets/vendor/isotope-layout/isotope.pkgd.min.js]
[fortnitestore.xyz/assets/vendor/boxicons/fonts/boxicons.eot]
[fortnitestore.xyz/assets/vendor/boxicons/fonts/boxicons.woff2]
[fortnitestore.xyz/assets/vendor/boxicons/fonts/boxicons.woff]
[fortnitestore.xyz/assets/vendor/boxicons/fonts/boxicons.ttf]
[fortnitestore.xyz/assets/vendor/boxicons/css/boxicons.min.css]
[fortnitestore.xyz/assets/vendor/remixicon/remixicondf6ddf6d.eot]
[fortnitestore.xyz/assets/vendor/remixicon/remixicondf6ddf6d.woff2]
[fortnitestore.xyz/assets/vendor/remixicon/remixicondf6ddf6d.woff]
[fortnitestore.xyz/assets/vendor/remixicon/remixicondf6ddf6d.ttf]
[fortnitestore.xyz/assets/vendor/remixicon/remixicon.css]
[fortnitestore.xyz/assets/img/cta-bg.html]
[fortnitestore.xyz/assets/img/counts-img.html]
[fortnitestore.xyz/assets/vendor/boxicons/fonts/boxiconsd41dd41d.svg]
[fortnitestore.xyz/assets/vendor/remixicon/remixicondf6ddf6d.svg]
